<html>
<body>
<pre>
<h1>礦ision Build Log</h1>
<h2>Tool Versions:</h2>
IDE-Version: μVision V5.24.2.0
Copyright (C) 2017 ARM Ltd and ARM Germany GmbH. All rights reserved.
License Information: a a, a, LIC=ZB430-BE9C0-2LCCT-RITX0-NF088-C1IF7
 
Tool Versions:
Toolchain:       MDK-ARM Plus  Version: 5.24.1
Toolchain Path:  C:\WorkingProgram\KeilMDK\ARM\ARMCC\Bin
C Compiler:      Armcc.exe V5.06 update 5 (build 528)
Assembler:       Armasm.exe V5.06 update 5 (build 528)
Linker/Locator:  ArmLink.exe V5.06 update 5 (build 528)
Library Manager: ArmAr.exe V5.06 update 5 (build 528)
Hex Converter:   FromElf.exe V5.06 update 5 (build 528)
CPU DLL:         SARMCM3.DLL V5.24.1
Dialog DLL:      DCM.DLL V1.16.0.0
Target DLL:      Segger\JL2CM3.dll V2.99.26.0
Dialog DLL:      TCM.DLL V1.32.0.0
 
<h2>Project:</h2>
C:\Users\10900\OneDrive\微型植物工厂\TCP_Client\STM32\USER\Template.uvproj
Project File Date:  10/12/2017

<h2>Output:</h2>
*** Using Compiler 'V5.06 update 5 (build 528)', folder: 'C:\WorkingProgram\KeilMDK\ARM\ARMCC\Bin'
Build target 'Template'
compiling esp8266.c...
..\HardWare\esp8266.h(11): warning:  #375-D: declaration requires a typedef name
  typedef struct ResolvedData;
..\HardWare\esp8266.c(78): warning:  #167-D: argument of type "u8 *" is incompatible with parameter of type "const char *restrict"
  	sscanf(USART_RX_BUF,"%lld\r\n",&TimeCount);
..\HardWare\esp8266.c: 2 warnings, 0 errors
linking...
Program Size: Code=13060 RO-data=488 RW-data=160 ZI-data=1224  
FromELF: creating hex file...
"..\OBJ\Template.axf" - 0 Error(s), 2 Warning(s).
Build Time Elapsed:  00:00:02
</pre>
</body>
</html>
